NeonDbError: Server error (HTTP status 500): {"message":"Control plane request failed","code":"","detail":null,"hint":null,"position":null,"internalPosition":null,"internalQuery":null,"severity":"","where":null,"table":null,"column":null,"schema":null,"dataType":null,"constraint":null,"file":null,"line":null,"routine":null,"neon:retryable":true}
    at dr.execute (C:\Users\jasee\OneDrive\Desktop\d3 projects\lms\my-app\.next\dev\server\chunks\[root-of-the-server]__10_lqjx._.js:23341:23)
    at process.processTicksAndRejections (node:internal/process/task_queues:105:5)
    at async POST (C:\Users\jasee\OneDrive\Desktop\d3 projects\lms\my-app\.next\dev\server\chunks\[root-of-the-server]__03ss_6o._.js:197:20)
    at async AppRouteRouteModule.do (C:\Users\jasee\OneDrive\Desktop\d3 projects\lms\my-app\node_modules\next\dist\compiled\next-server\app-route-turbo.runtime.dev.js:5:40115)
    at async AppRouteRouteModule.handle (C:\Users\jasee\OneDrive\Desktop\d3 projects\lms\my-app\node_modules\next\dist\compiled\next-server\app-route-turbo.runtime.dev.js:5:47395)
    at async responseGenerator (C:\Users\jasee\OneDrive\Desktop\d3 projects\lms\my-app\.next\dev\server\chunks\[root-of-the-server]__1252ouw._.js:23821:38)
    at async AppRouteRouteModule.handleResponse (C:\Users\jasee\OneDrive\Desktop\d3 projects\lms\my-app\node_modules\next\dist\compiled\next-server\app-route-turbo.runtime.dev.js:1:228552)
    at async handleResponse (C:\Users\jasee\OneDrive\Desktop\d3 projects\lms\my-app\.next\dev\server\chunks\[root-of-the-server]__1252ouw._.js:23884:32)
    at async Module.handler (C:\Users\jasee\OneDrive\Desktop\d3 projects\lms\my-app\.next\dev\server\chunks\[root-of-the-server]__1252ouw._.js:23938:13)
    at async DevServer.renderToResponseWithComponentsImpl (C:\Users\jasee\OneDrive\Desktop\d3 projects\lms\my-app\node_modules\next\dist\server\base-server.js:1462:9)
    at async DevServer.renderPageComponent (C:\Users\jasee\OneDrive\Desktop\d3 projects\lms\my-app\node_modules\next\dist\server\base-server.js:1514:24)
    at async DevServer.renderToResponseImpl (C:\Users\jasee\OneDrive\Desktop\d3 projects\lms\my-app\node_modules\next\dist\server\base-server.js:1564:32)
    at async DevServer.pipeImpl (C:\Users\jasee\OneDrive\Desktop\d3 projects\lms\my-app\node_modules\next\dist\server\base-server.js:1044:25)
    at async NextNodeServer.handleCatchallRenderRequest (C:\Users\jasee\OneDrive\Desktop\d3 projects\lms\my-app\node_modules\next\dist\server\next-server.js:338:17)
    at async DevServer.handleRequestImpl (C:\Users\jasee\OneDrive\Desktop\d3 projects\lms\my-app\node_modules\next\dist\server\base-server.js:935:17)
    at async C:\Users\jasee\OneDrive\Desktop\d3 projects\lms\my-app\node_modules\next\dist\server\dev\next-dev-server.js:394:20
    at async Span.traceAsyncFn (C:\Users\jasee\OneDrive\Desktop\d3 projects\lms\my-app\node_modules\next\dist\trace\trace.js:164:20)
    at async DevServer.handleRequest (C:\Users\jasee\OneDrive\Desktop\d3 projects\lms\my-app\node_modules\next\dist\server\dev\next-dev-server.js:390:24)
    at async invokeRender (C:\Users\jasee\OneDrive\Desktop\d3 projects\lms\my-app\node_modules\next\dist\server\lib\router-server.js:266:21)
    at async handleRequest (C:\Users\jasee\OneDrive\Desktop\d3 projects\lms\my-app\node_modules\next\dist\server\lib\router-server.js:465:24)
    at async requestHandlerImpl (C:\Users\jasee\OneDrive\Desktop\d3 projects\lms\my-app\node_modules\next\dist\server\lib\router-server.js:514:13)
    at async Server.requestListener (C:\Users\jasee\OneDrive\Desktop\d3 projects\lms\my-app\node_modules\next\dist\server\lib\start-server.js:225:13)